// Jest Snapshot v1, https://goo.gl/fbAQLP

exports[`Custom Button component renders custom button 1`] = `ShallowWrapper {}`;
