// Jest Snapshot v1, https://goo.gl/fbAQLP

exports[`Logo component renders logo customs 1`] = `ShallowWrapper {}`;
